2025-05-28 12:32:31 [restartedMain] INFO  c.ats.lumax.PalletizationApplication - Starting PalletizationApplication using Java 17.0.9 with PID 9512 (D:\24022025\PalletizationService-main\target\classes started by Vaibhavs in D:\24022025\PalletizationService-main)
2025-05-28 12:32:31 [restartedMain] INFO  c.ats.lumax.PalletizationApplication - No active profile set, falling back to 1 default profile: "default"
2025-05-28 12:32:31 [restartedMain] INFO  o.s.b.d.e.DevToolsPropertyDefaultsPostProcessor - Devtools property defaults active! Set 'spring.devtools.add-properties' to 'false' to disable
2025-05-28 12:32:31 [restartedMain] INFO  o.s.b.d.e.DevToolsPropertyDefaultsPostProcessor - For additional web related logging consider setting the 'logging.level.web' property to 'DEBUG'
2025-05-28 12:32:31 [restartedMain] INFO  o.s.d.r.c.RepositoryConfigurationDelegate - Bootstrapping Spring Data JPA repositories in DEFAULT mode.
2025-05-28 12:32:31 [restartedMain] INFO  o.s.d.r.c.RepositoryConfigurationDelegate - Finished Spring Data repository scanning in 31 ms. Found 5 JPA repository interfaces.
2025-05-28 12:32:32 [restartedMain] INFO  o.s.b.w.e.tomcat.TomcatWebServer - Tomcat initialized with port 8080 (http)
2025-05-28 12:32:32 [restartedMain] INFO  o.a.coyote.http11.Http11NioProtocol - Initializing ProtocolHandler ["http-nio-8080"]
2025-05-28 12:32:32 [restartedMain] INFO  o.a.catalina.core.StandardService - Starting service [Tomcat]
2025-05-28 12:32:32 [restartedMain] INFO  o.a.catalina.core.StandardEngine - Starting Servlet engine: [Apache Tomcat/10.1.40]
2025-05-28 12:32:32 [restartedMain] INFO  o.a.c.c.C.[Tomcat].[localhost].[/] - Initializing Spring embedded WebApplicationContext
2025-05-28 12:32:32 [restartedMain] INFO  o.s.b.w.s.c.ServletWebServerApplicationContext - Root WebApplicationContext: initialization completed in 724 ms
2025-05-28 12:32:32 [restartedMain] INFO  o.h.jpa.internal.util.LogHelper - HHH000204: Processing PersistenceUnitInfo [name: default]
2025-05-28 12:32:32 [restartedMain] INFO  org.hibernate.Version - HHH000412: Hibernate ORM core version 6.6.13.Final
2025-05-28 12:32:32 [restartedMain] INFO  o.h.c.i.RegionFactoryInitiator - HHH000026: Second-level cache disabled
2025-05-28 12:32:32 [restartedMain] INFO  o.s.o.j.p.SpringPersistenceUnitInfo - No LoadTimeWeaver setup: ignoring JPA class transformer
2025-05-28 12:32:32 [restartedMain] INFO  com.zaxxer.hikari.HikariDataSource - HikariPool-1 - Starting...
2025-05-28 12:32:32 [restartedMain] INFO  com.zaxxer.hikari.pool.HikariPool - HikariPool-1 - Added connection org.postgresql.jdbc.PgConnection@273a8871
2025-05-28 12:32:32 [restartedMain] INFO  com.zaxxer.hikari.HikariDataSource - HikariPool-1 - Start completed.
2025-05-28 12:32:32 [restartedMain] WARN  org.hibernate.orm.deprecation - HHH90000025: PostgreSQLDialect does not need to be specified explicitly using 'hibernate.dialect' (remove the property setting and it will be selected by default)
2025-05-28 12:32:32 [restartedMain] INFO  o.hibernate.orm.connections.pooling - HHH10001005: Database info:
	Database JDBC URL [Connecting through datasource 'HikariDataSource (HikariPool-1)']
	Database driver: undefined/unknown
	Database version: 17.5
	Autocommit mode: undefined/unknown
	Isolation level: undefined/unknown
	Minimum pool size: undefined/unknown
	Maximum pool size: undefined/unknown
2025-05-28 12:32:32 [restartedMain] INFO  o.h.e.t.j.p.i.JtaPlatformInitiator - HHH000489: No JTA platform available (set 'hibernate.transaction.jta.platform' to enable JTA platform integration)
2025-05-28 12:32:32 [restartedMain] INFO  o.s.o.j.LocalContainerEntityManagerFactoryBean - Initialized JPA EntityManagerFactory for persistence unit 'default'
2025-05-28 12:32:32 [restartedMain] INFO  o.e.m.opcua.sdk.client.OpcUaClient - Java version: 17.0.9
2025-05-28 12:32:32 [restartedMain] INFO  o.e.m.opcua.sdk.client.OpcUaClient - Eclipse Milo OPC UA Stack version: 0.6.15
2025-05-28 12:32:32 [restartedMain] INFO  o.e.m.opcua.sdk.client.OpcUaClient - Eclipse Milo OPC UA Client SDK version: 0.6.15
2025-05-28 12:32:33 [milo-nonce-util-secure-random] INFO  o.e.m.o.stack.core.util.NonceUtil - SecureRandom seeded in 0ms.
2025-05-28 12:32:33 [restartedMain] INFO  com.ats.lumax.service.OpcUaService - Connected to OPC UA server at opc.tcp://192.168.103.24/4840
2025-05-28 12:32:33 [restartedMain] INFO  o.s.d.j.r.query.QueryEnhancerFactory - Hibernate is in classpath; If applicable, HQL parser will be used.
2025-05-28 12:32:34 [restartedMain] WARN  o.s.b.a.o.j.JpaBaseConfiguration$JpaWebConfiguration - spring.jpa.open-in-view is enabled by default. Therefore, database queries may be performed during view rendering. Explicitly configure spring.jpa.open-in-view to disable this warning
2025-05-28 12:32:34 [restartedMain] INFO  o.s.b.a.w.s.WelcomePageHandlerMapping - Adding welcome page: class path resource [static/index.html]
2025-05-28 12:32:34 [restartedMain] INFO  o.s.b.d.a.OptionalLiveReloadServer - LiveReload server is running on port 35729
2025-05-28 12:32:34 [restartedMain] INFO  o.a.coyote.http11.Http11NioProtocol - Starting ProtocolHandler ["http-nio-8080"]
2025-05-28 12:32:34 [restartedMain] INFO  o.s.b.w.e.tomcat.TomcatWebServer - Tomcat started on port 8080 (http) with context path '/'
2025-05-28 12:32:34 [restartedMain] INFO  c.ats.lumax.PalletizationApplication - Started PalletizationApplication in 3.477 seconds (process running for 3.826)
2025-05-28 12:33:12 [http-nio-8080-exec-2] INFO  o.a.c.c.C.[Tomcat].[localhost].[/] - Initializing Spring DispatcherServlet 'dispatcherServlet'
2025-05-28 12:33:12 [http-nio-8080-exec-2] INFO  o.s.web.servlet.DispatcherServlet - Initializing Servlet 'dispatcherServlet'
2025-05-28 12:33:12 [http-nio-8080-exec-2] INFO  o.s.web.servlet.DispatcherServlet - Completed initialization in 1 ms
2025-05-28 12:33:24 [Thread-7] INFO  c.a.l.c.OpcUaSubscriptionController - Node ns=3;s="PLC_To_WMS"."LOADING_STATION_PALLET_PRESENT (CH-01)" value changed: true -> false
2025-05-28 12:33:24 [Thread-9] INFO  c.a.l.c.OpcUaSubscriptionController - Node ns=3;s="PLC_To_WMS"."LOADING_STATION_MATERIAL_CODE (CH-01)" value changed: 20059,61029982,TL TSO ASSY LH W601,M&M,80 -> 
2025-05-28 12:33:26 [Thread-7] INFO  c.a.l.c.OpcUaSubscriptionController - Node ns=3;s="PLC_To_WMS"."LOADING_STATION_PALLET_PRESENT (CH-01)" value changed: false -> true
2025-05-28 12:33:26 [Thread-9] INFO  c.a.l.c.OpcUaSubscriptionController - Node ns=3;s="PLC_To_WMS"."LOADING_STATION_MATERIAL_CODE (CH-01)" value changed:  -> 20060,61029982,TL TSO ASSY LH W601,M&M,80
2025-05-28 12:44:17 [File Watcher] INFO  o.s.b.d.a.LocalDevToolsAutoConfiguration$RestartingClassPathChangeChangedEventListener - Restarting due to 1 class path change (0 additions, 0 deletions, 1 modification)
2025-05-28 12:44:17 [Thread-5] INFO  o.s.b.w.e.tomcat.GracefulShutdown - Commencing graceful shutdown. Waiting for active requests to complete
2025-05-28 12:44:17 [tomcat-shutdown] INFO  o.a.coyote.http11.Http11NioProtocol - Pausing ProtocolHandler ["http-nio-8080"]
2025-05-28 12:44:17 [tomcat-shutdown] INFO  o.s.b.w.e.tomcat.GracefulShutdown - Graceful shutdown complete
2025-05-28 12:44:17 [Thread-5] INFO  o.a.coyote.http11.Http11NioProtocol - Stopping ProtocolHandler ["http-nio-8080"]
2025-05-28 12:44:17 [Thread-5] INFO  com.ats.lumax.service.OpcUaService - Disconnected from OPC UA server
2025-05-28 12:44:17 [Thread-5] INFO  o.s.o.j.LocalContainerEntityManagerFactoryBean - Closing JPA EntityManagerFactory for persistence unit 'default'
2025-05-28 12:44:17 [Thread-5] INFO  com.zaxxer.hikari.HikariDataSource - HikariPool-1 - Shutdown initiated...
2025-05-28 12:44:17 [Thread-5] INFO  com.zaxxer.hikari.HikariDataSource - HikariPool-1 - Shutdown completed.
